  Determining projects to restore...
  All projects are up-to-date for restore.
  Core.Shared -> D:\Quan_Ly_Thu_Vien\Backend\Core.Shared\bin\Debug\net10.0\Core.Shared.dll
  Admin -> D:\Quan_Ly_Thu_Vien\Backend\Admin\bin\Debug\net10.0\Admin.dll
  Client -> D:\Quan_Ly_Thu_Vien\Backend\Client\bin\Debug\net10.0\Client.dll

Build succeeded.
    0 Warning(s)
    0 Error(s)

Time Elapsed 00:00:06.55
